Last login: Thu Nov  3 00:56:20 on ttys001
Fenix-2:~ fenix$ Cd Git_mind
/usr/bin/Cd: line 4: cd: Git_mind: No such file or directory
Fenix-2:~ fenix$ clear




















Fenix-2:~ fenix$ mkdir Git_Mind
Fenix-2:~ fenix$ cd G
Git_Mind/     Google Drive/ 
Fenix-2:~ fenix$ cd Git_Mind/
Fenix-2:Git_Mind fenix$ git init
Initialized empty Git repository in /Users/fenix/Git_Mind/.git/
Fenix-2:Git_Mind fenix$ git config --global user.email "fa.mind.mail@gmail.com"
Fenix-2:Git_Mind fenix$ git config --global user.name "FaYssal BenMoussa"
Fenix-2:Git_Mind fenix$ git config --global user.ui true
Fenix-2:Git_Mind fenix$ git config --list
core.trustctime=false
credential.helper=osxkeychain
filter.lfs.smudge=git-lfs smudge %f
filter.lfs.required=true
filter.lfs.clean=git-lfs clean %f
user.email=fa.mind.mail@gmail.com
user.name=FaYssal BenMoussa
user.ui=true
core.repositoryformatversion=0
core.filemode=true
core.bare=false
core.logallrefupdates=true
core.ignorecase=true
core.precomposeunicode=true
Fenix-2:Git_Mind fenix$ touch readme.md
Fenix-2:Git_Mind fenix$ git statue
git: 'statue' is not a git command. See 'git --help'.

Did you mean this?
	status
Fenix-2:Git_Mind fenix$ git status
On branch master

Initial commit

Untracked files:
  (use "git add <file>..." to include in what will be committed)

	readme.md

nothing added to commit but untracked files present (use "git add" to track)
Fenix-2:Git_Mind fenix$ touch index.html
Fenix-2:Git_Mind fenix$ touch contact.html
Fenix-2:Git_Mind fenix$ git status
On branch master

Initial commit

Untracked files:
  (use "git add <file>..." to include in what will be committed)

	contact.html
	index.html
	readme.md

nothing added to commit but untracked files present (use "git add" to track)
Fenix-2:Git_Mind fenix$ git add readme.md
Fenix-2:Git_Mind fenix$ git commit -m "commit_1" 
[master (root-commit) 600d79c] commit_1
 1 file changed, 0 insertions(+), 0 deletions(-)
 create mode 100644 readme.md
Fenix-2:Git_Mind fenix$ git add all
fatal: pathspec 'all' did not match any files
Fenix-2:Git_Mind fenix$ git add -all
error: did you mean `--all` (with two dashes ?)
Fenix-2:Git_Mind fenix$ git add --all
Fenix-2:Git_Mind fenix$ git commit -m "commit_2"
[master 9dff63c] commit_2
 2 files changed, 0 insertions(+), 0 deletions(-)
 create mode 100644 contact.html
 create mode 100644 index.html
Fenix-2:Git_Mind fenix$ git log
commit 9dff63cd836d4994689b3d58db389b807f3e4566
Author: FaYssal BenMoussa <fa.mind.mail@gmail.com>
Date:   Thu Nov 3 01:30:38 2016 +0000

    commit_2

commit 600d79cd6ff21eb9f7f16674dac2ee8d582b24b4
Author: FaYssal BenMoussa <fa.mind.mail@gmail.com>
Date:   Thu Nov 3 01:29:36 2016 +0000

    commit_1
Fenix-2:Git_Mind fenix$ git log --oneline
9dff63c commit_2
600d79c commit_1
Fenix-2:Git_Mind fenix$ git log -p
commit 9dff63cd836d4994689b3d58db389b807f3e4566
Author: FaYssal BenMoussa <fa.mind.mail@gmail.com>
Date:   Thu Nov 3 01:30:38 2016 +0000

    commit_2

diff --git a/contact.html b/contact.html
new file mode 100644
index 0000000..e69de29
diff --git a/index.html b/index.html
new file mode 100644
index 0000000..e69de29

commit 600d79cd6ff21eb9f7f16674dac2ee8d582b24b4
Author: FaYssal BenMoussa <fa.mind.mail@gmail.com>
Date:   Thu Nov 3 01:29:36 2016 +0000

    commit_1

diff --git a/readme.md b/readme.md
new file mode 100644
index 0000000..e69de29
Fenix-2:Git_Mind fenix$  git checkout -- index.html
Fenix-2:Git_Mind fenix$ git commit -a -m "commit add all" 
On branch master
nothing to commit, working tree clean
Fenix-2:Git_Mind fenix$ git commit -a -m "commit add all" 
[master 31aad70] commit add all
 2 files changed, 18 insertions(+)
Fenix-2:Git_Mind fenix$ 
